c:\users\ga3\desktop\network\crystalcastle\crystalcastle\x64\debug\vc143.pdb
c:\users\ga3\desktop\network\crystalcastle\crystalcastle\x64\debug\vc143.idb
c:\users\ga3\desktop\network\crystalcastle\crystalcastle\x64\debug\resoure.obj
c:\users\ga3\desktop\network\crystalcastle\crystalcastle\x64\debug\map.obj
c:\users\ga3\desktop\network\crystalcastle\crystalcastle\x64\debug\main.obj
c:\users\ga3\desktop\network\crystalcastle\crystalcastle\x64\debug\library_function.obj
c:\users\ga3\desktop\network\crystalcastle\crystalcastle\x64\debug\game.obj
c:\users\ga3\desktop\network\crystalcastle\crystalcastle\x64\debug\function.obj
c:\users\ga3\desktop\network\crystalcastle\crystalcastle\x64\debug\collisionupdate.obj
c:\users\ga3\desktop\network\crystalcastle\crystalcastle\x64\debug\2d_function.obj
c:\users\ga3\desktop\network\crystalcastle\crystalcastle\x64\debug\ccamera.obj
c:\users\ga3\desktop\network\crystalcastle\crystalcastle\x64\debug\3d_function.obj
c:\users\ga3\desktop\network\crystalcastle\crystalcastle\x64\debug\weaponbaseitem.obj
c:\users\ga3\desktop\network\crystalcastle\crystalcastle\x64\debug\treasurebaseitem.obj
c:\users\ga3\desktop\network\crystalcastle\crystalcastle\x64\debug\sword.obj
c:\users\ga3\desktop\network\crystalcastle\crystalcastle\x64\debug\spawnpoint.obj
c:\users\ga3\desktop\network\crystalcastle\crystalcastle\x64\debug\spawneffect.obj
c:\users\ga3\desktop\network\crystalcastle\crystalcastle\x64\debug\player.obj
c:\users\ga3\desktop\network\crystalcastle\crystalcastle\x64\debug\octrock.obj
c:\users\ga3\desktop\network\crystalcastle\crystalcastle\x64\debug\moribu.obj
c:\users\ga3\desktop\network\crystalcastle\crystalcastle\x64\debug\magic.obj
c:\users\ga3\desktop\network\crystalcastle\crystalcastle\x64\debug\enemybase.obj
c:\users\ga3\desktop\network\crystalcastle\crystalcastle\x64\debug\bow.obj
c:\users\ga3\desktop\network\crystalcastle\x64\debug\crystalcastle.exe
c:\users\ga3\desktop\network\crystalcastle\x64\debug\crystalcastle.pdb
c:\users\ga3\desktop\network\crystalcastle\crystalcastle\x64\debug\crystalcastle.ilk
c:\users\ga3\desktop\network\crystalcastle\crystalcastle\x64\debug\crystalcastle.tlog\cl.command.1.tlog
c:\users\ga3\desktop\network\crystalcastle\crystalcastle\x64\debug\crystalcastle.tlog\cl.items.tlog
c:\users\ga3\desktop\network\crystalcastle\crystalcastle\x64\debug\crystalcastle.tlog\cl.read.1.tlog
c:\users\ga3\desktop\network\crystalcastle\crystalcastle\x64\debug\crystalcastle.tlog\cl.write.1.tlog
c:\users\ga3\desktop\network\crystalcastle\crystalcastle\x64\debug\crystalcastle.tlog\link.11256-cvtres.read.1.tlog
c:\users\ga3\desktop\network\crystalcastle\crystalcastle\x64\debug\crystalcastle.tlog\link.11256-cvtres.write.1.tlog
c:\users\ga3\desktop\network\crystalcastle\crystalcastle\x64\debug\crystalcastle.tlog\link.11256-rc.read.1.tlog
c:\users\ga3\desktop\network\crystalcastle\crystalcastle\x64\debug\crystalcastle.tlog\link.11256-rc.write.1.tlog
c:\users\ga3\desktop\network\crystalcastle\crystalcastle\x64\debug\crystalcastle.tlog\link.11256.read.1.tlog
c:\users\ga3\desktop\network\crystalcastle\crystalcastle\x64\debug\crystalcastle.tlog\link.11256.read.2.tlog
c:\users\ga3\desktop\network\crystalcastle\crystalcastle\x64\debug\crystalcastle.tlog\link.11256.write.1.tlog
c:\users\ga3\desktop\network\crystalcastle\crystalcastle\x64\debug\crystalcastle.tlog\link.command.1.tlog
c:\users\ga3\desktop\network\crystalcastle\crystalcastle\x64\debug\crystalcastle.tlog\link.read.1.tlog
c:\users\ga3\desktop\network\crystalcastle\crystalcastle\x64\debug\crystalcastle.tlog\link.secondary.1.tlog
c:\users\ga3\desktop\network\crystalcastle\crystalcastle\x64\debug\crystalcastle.tlog\link.write.1.tlog
